// Jest Snapshot v1, https://goo.gl/fbAQLP

exports[`components/Profile/PostList should render correctly 1`] = `
<div
  style={
    Object {
      "margin": ".5rem",
    }
  }
>
  <WithStyles(ForwardRef(Typography))
    className="center-margin"
    variant="h4"
  >
    Your Posts
  </WithStyles(ForwardRef(Typography))>
  <PostItem
    key="bro"
    post={
      Object {
        "category_id": "1",
        "created": "2019",
        "description": "bro",
        "name": "bro",
      }
    }
    subtitleLength={100}
  />
</div>
`;
